['Alexandru Matei', 'Ilinca Stanescu', 'George Munteanu']