['Ancu»õa Matei', 'Teodora Matei', 'Georgeta Solomon', 'Mihail Popa', 'Sofia Cojocaru', 'Tudor Marin', 'Tatiana Anghelescu', 'Bogdan Petrescu']