['Matei Popovici', 'Maria Tudor', 'Cosmin Moisescu', 'Amalia Stoica', 'Mihaela Iancu']