['Andrei Stanciu', 'Mircea Voinea', 'Cristina Nitu', 'Dumitru Marin', 'Viorel Pop', 'Alina Stan', 'Sorana Toma']