kayak deed rotator wow noon repaper level racecar 