PythOn EstE Un lImbAj dE prOgrAmArE dInAmIc mUltI-pArAdIgmA, crEAt In 1989 dE prOgrAmAtOrUl OlAndEz GUIdO vAn ROssUm. VAn ROssUm EstE sI In zIUA dE AstAzI Un lIdEr Al cOmUnItAtII dE dEzvOltAtOrI dE sOftwArE cArE lUcrEAzA lA pErfEctIOnArEA lImbAjUl PythOn sI ImplEmEntArEA dE bAzA A AcEstUIA, CPythOn, scrIsA In C. PythOn EstE Un lImbAj mUltIfUnctIOnAl fOlOsIt dE ExEmplU dE cAtrE cOmpAnII cA GOOglE sAU YAhOO! pEntrU prOgrAmArEA AplIcAtIIlOr wEb, InsA ExIstA sI O sErIE dE AplIcAtII stIIntIfIcE sAU dE dIvErtIsmEnt prOgrAmAtE pArtIAl sAU In IntrEgImE In PythOn.