On A scAlE frOm OnE tO tEn, whAt's yOUr fAvOrItE flAvOr Of rAndOm grAmmAr?