[(99, 9801, 970299), (4, 16, 64), (60, 3600, 216000), (2, 4, 8), (3, 9, 27), (6, 36, 216), (18, 324, 5832), (20, 400, 8000), (9, 81, 729), (10, 100, 1000), (33, 1089, 35937)]