[(2, 4, 8), (3, 9, 27), (6, 36, 216), (8, 64, 512), (9, 81, 729), (10, 100, 1000), (15, 225, 3375), (16, 256, 4096), (18, 324, 5832), (50, 2500, 125000), (70, 4900, 343000)]