24 96 30 183 279 153 258 111 240 30 150 45 99 99 99 165 120 48 246 264 267 297 24 138 48 51 255 240 33 108 