2901 2943 573 273 1266 972 1284 282 2436 528 207 1617 1368 240 2619 1200 1884 1413 819 2739 945 606 870 2799 1776 921 2223 552 1938 1968 2793 1785 1425 657 132 1791 2151 135 1569 1758 2742 1092 828 1353 1086 1812 2064 1377 192 1815 